// Jest Snapshot v1, https://goo.gl/fbAQLP

exports[`ToastRoot should match snapshot 1`] = `
<View
  style={
    {
      "boxSizing": "border-box",
      "flexDirection": "row",
    }
  }
>
  <View
    style={
      {
        "boxSizing": "border-box",
        "flexDirection": "column",
        "gap": 16,
        "width": 200,
      }
    }
  >
    <View
      accessibilityState={
        {
          "busy": undefined,
          "checked": undefined,
          "disabled": undefined,
          "expanded": undefined,
          "selected": undefined,
        }
      }
      accessible={true}
      focusable={true}
      onClick={[Function]}
      onResponderGrant={[Function]}
      onResponderMove={[Function]}
      onResponderRelease={[Function]}
      onResponderTerminate={[Function]}
      onResponderTerminationRequest={[Function]}
      onStartShouldSetResponder={[Function]}
      style={
        {
          "alignItems": "center",
          "boxSizing": "border-box",
          "cursor": "pointer",
          "display": "none",
          "flexDirection": "column",
          "left": 0,
          "position": "absolute",
          "top": 0,
          "width": "100%",
          "zIndex": undefined,
        }
      }
    />
    <View
      accessibilityState={
        {
          "busy": undefined,
          "checked": undefined,
          "disabled": undefined,
          "expanded": undefined,
          "selected": undefined,
        }
      }
      accessibilityValue={
        {
          "max": undefined,
          "min": undefined,
          "now": undefined,
          "text": undefined,
        }
      }
      accessible={true}
      collapsable={false}
      focusable={true}
      onBlur={[Function]}
      onClick={[Function]}
      onFocus={[Function]}
      onResponderGrant={[Function]}
      onResponderMove={[Function]}
      onResponderRelease={[Function]}
      onResponderTerminate={[Function]}
      onResponderTerminationRequest={[Function]}
      onStartShouldSetResponder={[Function]}
      pointerEvents="auto"
    >
      <View
        style={
          {
            "alignItems": "center",
            "backgroundColor": undefined,
            "borderRadius": undefined,
            "boxSizing": "border-box",
            "flexDirection": "row",
            "gap": 8,
            "height": undefined,
            "justifyContent": "center",
            "outline": "unset",
            "paddingHorizontal": undefined,
          }
        }
      >
        <Text
          style={
            {
              "color": undefined,
              "fontSize": undefined,
              "fontWeight": undefined,
            }
          }
        >
          simple info
        </Text>
      </View>
    </View>
    <View
      accessibilityState={
        {
          "busy": undefined,
          "checked": undefined,
          "disabled": undefined,
          "expanded": undefined,
          "selected": undefined,
        }
      }
      accessibilityValue={
        {
          "max": undefined,
          "min": undefined,
          "now": undefined,
          "text": undefined,
        }
      }
      accessible={true}
      collapsable={false}
      focusable={true}
      onBlur={[Function]}
      onClick={[Function]}
      onFocus={[Function]}
      onResponderGrant={[Function]}
      onResponderMove={[Function]}
      onResponderRelease={[Function]}
      onResponderTerminate={[Function]}
      onResponderTerminationRequest={[Function]}
      onStartShouldSetResponder={[Function]}
      pointerEvents="auto"
    >
      <View
        style={
          {
            "alignItems": "center",
            "backgroundColor": undefined,
            "borderRadius": undefined,
            "boxSizing": "border-box",
            "flexDirection": "row",
            "gap": 8,
            "height": undefined,
            "justifyContent": "center",
            "outline": "unset",
            "paddingHorizontal": undefined,
          }
        }
      >
        <Text
          style={
            {
              "color": undefined,
              "fontSize": undefined,
              "fontWeight": undefined,
            }
          }
        >
          info
        </Text>
      </View>
    </View>
    <View
      accessibilityState={
        {
          "busy": undefined,
          "checked": undefined,
          "disabled": undefined,
          "expanded": undefined,
          "selected": undefined,
        }
      }
      accessibilityValue={
        {
          "max": undefined,
          "min": undefined,
          "now": undefined,
          "text": undefined,
        }
      }
      accessible={true}
      collapsable={false}
      focusable={true}
      onBlur={[Function]}
      onClick={[Function]}
      onFocus={[Function]}
      onResponderGrant={[Function]}
      onResponderMove={[Function]}
      onResponderRelease={[Function]}
      onResponderTerminate={[Function]}
      onResponderTerminationRequest={[Function]}
      onStartShouldSetResponder={[Function]}
      pointerEvents="auto"
    >
      <View
        style={
          {
            "alignItems": "center",
            "backgroundColor": undefined,
            "borderRadius": undefined,
            "boxSizing": "border-box",
            "flexDirection": "row",
            "gap": 8,
            "height": undefined,
            "justifyContent": "center",
            "outline": "unset",
            "paddingHorizontal": undefined,
          }
        }
      >
        <Text
          style={
            {
              "color": undefined,
              "fontSize": undefined,
              "fontWeight": undefined,
            }
          }
        >
          warning
        </Text>
      </View>
    </View>
    <View
      accessibilityState={
        {
          "busy": undefined,
          "checked": undefined,
          "disabled": undefined,
          "expanded": undefined,
          "selected": undefined,
        }
      }
      accessibilityValue={
        {
          "max": undefined,
          "min": undefined,
          "now": undefined,
          "text": undefined,
        }
      }
      accessible={true}
      collapsable={false}
      focusable={true}
      onBlur={[Function]}
      onClick={[Function]}
      onFocus={[Function]}
      onResponderGrant={[Function]}
      onResponderMove={[Function]}
      onResponderRelease={[Function]}
      onResponderTerminate={[Function]}
      onResponderTerminationRequest={[Function]}
      onStartShouldSetResponder={[Function]}
      pointerEvents="auto"
    >
      <View
        style={
          {
            "alignItems": "center",
            "backgroundColor": undefined,
            "borderRadius": undefined,
            "boxSizing": "border-box",
            "flexDirection": "row",
            "gap": 8,
            "height": undefined,
            "justifyContent": "center",
            "outline": "unset",
            "paddingHorizontal": undefined,
          }
        }
      >
        <Text
          style={
            {
              "color": undefined,
              "fontSize": undefined,
              "fontWeight": undefined,
            }
          }
        >
          error
        </Text>
      </View>
    </View>
    <View
      accessibilityState={
        {
          "busy": undefined,
          "checked": undefined,
          "disabled": undefined,
          "expanded": undefined,
          "selected": undefined,
        }
      }
      accessibilityValue={
        {
          "max": undefined,
          "min": undefined,
          "now": undefined,
          "text": undefined,
        }
      }
      accessible={true}
      collapsable={false}
      focusable={true}
      onBlur={[Function]}
      onClick={[Function]}
      onFocus={[Function]}
      onResponderGrant={[Function]}
      onResponderMove={[Function]}
      onResponderRelease={[Function]}
      onResponderTerminate={[Function]}
      onResponderTerminationRequest={[Function]}
      onStartShouldSetResponder={[Function]}
      pointerEvents="auto"
    >
      <View
        style={
          {
            "alignItems": "center",
            "backgroundColor": undefined,
            "borderRadius": undefined,
            "boxSizing": "border-box",
            "flexDirection": "row",
            "gap": 8,
            "height": undefined,
            "justifyContent": "center",
            "outline": "unset",
            "paddingHorizontal": undefined,
          }
        }
      >
        <Text
          style={
            {
              "color": undefined,
              "fontSize": undefined,
              "fontWeight": undefined,
            }
          }
        >
          success
        </Text>
      </View>
    </View>
    <View
      accessibilityState={
        {
          "busy": undefined,
          "checked": undefined,
          "disabled": undefined,
          "expanded": undefined,
          "selected": undefined,
        }
      }
      accessibilityValue={
        {
          "max": undefined,
          "min": undefined,
          "now": undefined,
          "text": undefined,
        }
      }
      accessible={true}
      collapsable={false}
      focusable={true}
      onBlur={[Function]}
      onClick={[Function]}
      onFocus={[Function]}
      onResponderGrant={[Function]}
      onResponderMove={[Function]}
      onResponderRelease={[Function]}
      onResponderTerminate={[Function]}
      onResponderTerminationRequest={[Function]}
      onStartShouldSetResponder={[Function]}
      pointerEvents="auto"
    >
      <View
        style={
          {
            "alignItems": "center",
            "backgroundColor": undefined,
            "borderRadius": undefined,
            "boxSizing": "border-box",
            "flexDirection": "row",
            "gap": 8,
            "height": undefined,
            "justifyContent": "center",
            "outline": "unset",
            "paddingHorizontal": undefined,
          }
        }
      >
        <Text
          style={
            {
              "color": undefined,
              "fontSize": undefined,
              "fontWeight": undefined,
            }
          }
        >
          loading
        </Text>
      </View>
    </View>
  </View>
</View>
`;
