// Jest Snapshot v1, https://goo.gl/fbAQLP

exports[`FormField should match snapshot 1`] = `
<View
  style={
    {
      "boxSizing": "border-box",
      "flexDirection": "row",
      "padding": 16,
      "width": 375,
    }
  }
>
  <View
    style={
      {
        "boxSizing": "border-box",
        "flexDirection": "column",
        "width": "100%",
      }
    }
  >
    <View
      style={
        {
          "boxSizing": "border-box",
          "flexDirection": "row",
          "marginBottom": undefined,
        }
      }
    >
      <Text
        style={
          {
            "color": undefined,
            "fontSize": undefined,
            "fontWeight": undefined,
          }
        }
      >
        Name
      </Text>
      <Text
        style={
          {
            "color": undefined,
            "fontSize": undefined,
            "fontWeight": undefined,
            "marginLeft": undefined,
          }
        }
      >
        *
      </Text>
    </View>
    <View
      style={
        {
          "alignItems": "center",
          "borderColor": undefined,
          "borderRadius": undefined,
          "borderWidth": 1,
          "boxSizing": "border-box",
          "flexDirection": "row",
          "height": undefined,
          "width": "100%",
        }
      }
    >
      <TextInput
        formConfig={{}}
        name="name"
        onBlur={[Function]}
        onFocus={[Function]}
        placeholder="Please input your name"
        secureTextEntry={false}
        style={
          {
            "color": undefined,
            "flex": 1,
            "fontSize": undefined,
            "lineHeight": 24,
            "minWidth": 0,
            "outline": "none",
            "paddingLeft": 16,
            "paddingRight": 16,
          }
        }
      />
    </View>
  </View>
</View>
`;
