// Jest Snapshot v1, https://goo.gl/fbAQLP

exports[`ActivityIndicator should match snapshot 1`] = `
<View
  style={
    {
      "alignItems": "center",
      "boxSizing": "border-box",
      "flexDirection": "column",
      "gap": 16,
      "height": 100,
    }
  }
>
  <Text
    style={
      {
        "color": undefined,
        "fontSize": undefined,
      }
    }
  >
    left
  </Text>
  <View
    style={
      {
        "boxSizing": "border-box",
        "flexDirection": "column",
        "paddingHorizontal": 0,
        "width": "100%",
      }
    }
  >
    <View
      style={
        {
          "backgroundColor": undefined,
          "boxSizing": "border-box",
          "flexDirection": "row",
          "height": 1,
        }
      }
    />
  </View>
  <Text
    style={
      {
        "color": undefined,
        "fontSize": undefined,
      }
    }
  >
    right
  </Text>
</View>
`;
